≡ƒÜÇ Starting B2 Upload Test...
≡ƒô¥ Created dummy file: E:\new-2026\special-stock-new\server\test-b2-1771238149483.txt
≡ƒôñ Uploading to B2...
node : B2 Upload 
Error: AccessDenied: 
Signature validation 
failed
At line:1 char:1
+ node 
test_b2_upload_v2.js 
> test_output.txt 
2>&1
+ ~~~~~~~~~~~~~~~~~~~
~~~~~~~~~~~~~~~~~~~~~
~~~~~~~~
    + CategoryInfo   
           : NotSpe  
  cified: (B2 Uplo   
 ad Error...lidat    
ion failed:Strin    
g) [], RemoteExc    
eption
    + FullyQualified 
   ErrorId : Native  
  CommandError
 
    at AwsRestXmlProt
ocol.handleError (E:\
new-2026\special-stoc
k-new\server\node_mod
ules\@aws-sdk\core\di
st-cjs\submodules\pro
tocols\index.js:1814:
27)
    at process.proces
sTicksAndRejections (
node:internal/process
/task_queues:103:5)
    at async AwsRestX
mlProtocol.deserializ
eResponse (E:\new-202
6\special-stock-new\s
erver\node_modules\@s
mithy\core\dist-cjs\s
ubmodules\protocols\i
ndex.js:314:13)
    at async E:\new-2
026\special-stock-new
\server\node_modules\
@smithy\core\dist-cjs
\submodules\schema\in
dex.js:26:24
    at async E:\new-2
026\special-stock-new
\server\node_modules\
@aws-sdk\middleware-s
dk-s3\dist-cjs\index.
js:386:20
    at async E:\new-2
026\special-stock-new
\server\node_modules\
@smithy\middleware-re
try\dist-cjs\index.js
:254:46
    at async E:\new-2
026\special-stock-new
\server\node_modules\
@aws-sdk\middleware-f
lexible-checksums\dis
t-cjs\index.js:241:24
    at async E:\new-2
026\special-stock-new
\server\node_modules\
@aws-sdk\middleware-s
dk-s3\dist-cjs\index.
js:63:28
    at async E:\new-2
026\special-stock-new
\server\node_modules\
@aws-sdk\middleware-s
dk-s3\dist-cjs\index.
js:90:20
    at async E:\new-2
026\special-stock-new
\server\node_modules\
@aws-sdk\middleware-l
ogger\dist-cjs\index.
js:5:26 {
  '$fault': 'client',
  '$retryable': 
undefined,
  '$metadata': {
    httpStatusCode: 
403,
    requestId: 
'dddec65238346e9c',
    
extendedRequestId: 'a
YxQw5mOGOJNlKjZbZiYzG
jTNMxYzoGYB',
    cfId: undefined,
    attempts: 1,
    totalRetryDelay: 
0
  },
  Code: 
'AccessDenied'
}
Error uploading file 
from path E:\new-2026
\special-stock-new\se
rver\test-b2-17712381
49483.txt: Error: 
Failed to upload to 
B2: Signature 
validation failed
    at 
exports.uploadFile (E
:\new-2026\special-st
ock-new\server\src\se
rvices\b2.service.js:
29:15)
    at process.proces
sTicksAndRejections (
node:internal/process
/task_queues:103:5)
    at async exports.
uploadFileFromPath (E
:\new-2026\special-st
ock-new\server\src\se
rvices\b2.service.js:
57:16)
    at async 
testUpload (E:\new-20
26\special-stock-new\
server\test_b2_upload
_v2.js:17:21)
Γ¥î Upload Failed: 
Error: Failed to 
upload to B2: 
Signature validation 
failed
    at 
exports.uploadFile (E
:\new-2026\special-st
ock-new\server\src\se
rvices\b2.service.js:
29:15)
    at process.proces
sTicksAndRejections (
node:internal/process
/task_queues:103:5)
    at async exports.
uploadFileFromPath (E
:\new-2026\special-st
ock-new\server\src\se
rvices\b2.service.js:
57:16)
    at async 
testUpload (E:\new-20
26\special-stock-new\
server\test_b2_upload
_v2.js:17:21)
